
> skill-shiksha@0.1.0 build
> next build

Γû▓ Next.js 16.1.6 (Turbopack)

  Creating an optimized production build ...
node.exe : Error: Cannot apply unknown utility class `border-border`. Are you using CSS modules or similar and missing 
`@reference`? https://tailwindcss.com/docs/functions-and-directives#reference-directive
At C:\Program Files\nodejs\npm.ps1:29 char:3
+   & $NODE_EXE $NPM_CLI_JS $args
+   ~~~~~~~~~~~~~~~~~~~~~~~~~~~~~
    + CategoryInfo          : NotSpecified: (Error: Cannot a...rence-directive:String) [], RemoteException
    + FullyQualifiedErrorId : NativeCommandError
 
    [2m[at onInvalidCandidate (D:\TechDock Labs 
Projects\skill-shiksha\frontend\node_modules\tailwindcss\dist\lib.js:21:1314)][0m
    [2m[at Te (D:\TechDock Labs Projects\skill-shiksha\frontend\node_modules\tailwindcss\dist\lib.js:16:36652)][0m
    [2m[at D:\TechDock Labs Projects\skill-shiksha\frontend\node_modules\tailwindcss\dist\lib.js:21:355][0m
    [2m[at Rr (D:\TechDock Labs Projects\skill-shiksha\frontend\node_modules\tailwindcss\dist\lib.js:3:1718)][0m
    [2m[at _ (D:\TechDock Labs Projects\skill-shiksha\frontend\node_modules\tailwindcss\dist\lib.js:3:1377)][0m
    [2m[at $e (D:\TechDock Labs Projects\skill-shiksha\frontend\node_modules\tailwindcss\dist\lib.js:21:172)][0m
    [2m[at un (D:\TechDock Labs Projects\skill-shiksha\frontend\node_modules\tailwindcss\dist\lib.js:38:294)][0m
    [2m[at process.processTicksAndRejections (node:internal/process/task_queues:105:5)][0m
    [2m[at async cn (D:\TechDock Labs 
Projects\skill-shiksha\frontend\node_modules\tailwindcss\dist\lib.js:38:631)][0m
    [2m[at async Xr (D:\TechDock Labs 
Projects\skill-shiksha\frontend\node_modules\@tailwindcss\node\dist\index.js:10:3417)][0m

> Build error occurred
Error: Turbopack build failed with 1 errors:
./src/app/globals.css
Error evaluating Node.js code
CssSyntaxError: tailwindcss: D:\TechDock Labs Projects\skill-shiksha\frontend\src\app\globals.css:1:1: Cannot apply 
unknown utility class `border-border`. Are you using CSS modules or similar and missing `@reference`? 
https://tailwindcss.com/docs/functions-and-directives#reference-directive
    at Input.error (node_modules/postcss/lib/input.js:135:16) [D:\TechDock Labs 
Projects\skill-shiksha\frontend\.next\build\chunks\node_modules_fe693df6._.js:4651:22]
    at Root.error (node_modules/postcss/lib/node.js:146:32) [D:\TechDock Labs 
Projects\skill-shiksha\frontend\.next\build\chunks\node_modules_fe693df6._.js:928:38]
    [at Object.Once (D:\TechDock Labs 
Projects\skill-shiksha\frontend\node_modules\@tailwindcss\postcss\dist\index.js:10:6911)]
    [at process.processTicksAndRejections (node:internal/process/task_queues:105:5)]
    at async LazyResult.runAsync (node_modules/postcss/lib/lazy-result.js:293:11) [D:\TechDock Labs 
Projects\skill-shiksha\frontend\.next\build\chunks\node_modules_fe693df6._.js:6206:21]
    at async transform (turbopack:///[turbopack-node]/transforms/postcss.ts:70:34) [D:\TechDock Labs 
Projects\skill-shiksha\frontend\.next\build\chunks\[root-of-the-server]__51225daf._.js:146:36]
    at async run (turbopack:///[turbopack-node]/ipc/evaluate.ts:92:23) [D:\TechDock Labs 
Projects\skill-shiksha\frontend\.next\build\chunks\[root-of-the-server]__974941ed._.js:443:31]

Import trace:
  Client Component Browser:
    ./src/app/globals.css [Client Component Browser]
    ./src/app/layout.tsx [Server Component]


    at async transform (turbopack:///[turbopack-node]/transforms/postcss.ts:70:34) [D:\TechDock Labs 
Projects\skill-shiksha\frontend\.next\build\chunks\[root-of-the-server]__51225daf._.js:146:36])
    at async run (turbopack:///[turbopack-node]/ipc/evaluate.ts:92:23) [D:\TechDock Labs 
Projects\skill-shiksha\frontend\.next\build\chunks\[root-of-the-server]__974941ed._.js:443:31])
